\BOOKMARK [1][-]{section.1}{\376\377\000I\000n\000t\000r\000o\000d\000u\000c\000t\000i\000o\000n}{}% 1
\BOOKMARK [1][-]{section.2}{\376\377\000T\000h\000e\000o\000r\000y}{}% 2
\BOOKMARK [2][-]{subsection.2.1}{\376\377\000L\000a\000r\000m\000o\000r\000\040\000F\000r\000e\000q\000u\000e\000n\000c\000y}{section.2}% 3
\BOOKMARK [2][-]{subsection.2.2}{\376\377\000R\000o\000t\000a\000t\000i\000n\000g\000\040\000f\000r\000a\000m\000e\000\040\000o\000f\000\040\000r\000e\000f\000e\000r\000e\000n\000c\000e}{section.2}% 4
\BOOKMARK [2][-]{subsection.2.3}{\376\377\000M\000a\000g\000n\000e\000t\000i\000s\000a\000t\000i\000o\000n}{section.2}% 5
\BOOKMARK [2][-]{subsection.2.4}{\376\377\000E\000f\000f\000e\000c\000t\000\040\000o\000f\000\040\000R\000a\000d\000i\000o\000\040\000F\000r\000e\000q\000u\000e\000n\000c\000y\000\040\000P\000u\000l\000s\000e\000s}{section.2}% 6
\BOOKMARK [2][-]{subsection.2.5}{\376\377\000B\000l\000o\000c\000h\000\040\000E\000q\000u\000a\000t\000i\000o\000n\000s}{section.2}% 7
\BOOKMARK [1][-]{section.3}{\376\377\000E\000x\000p\000e\000r\000i\000m\000e\000n\000t\000a\000l\000\040\000S\000e\000t\000u\000p}{}% 8
\BOOKMARK [2][-]{subsection.3.1}{\376\377\000F\000i\000n\000d\000i\000n\000g\000\040\000F\000I\000D\000\040\000s\000i\000g\000n\000a\000l}{section.3}% 9
\BOOKMARK [2][-]{subsection.3.2}{\376\377\000D\000i\000f\000f\000e\000r\000e\000n\000t\000\040\000s\000a\000m\000p\000l\000e\000s}{section.3}% 10
\BOOKMARK [2][-]{subsection.3.3}{\376\377\000M\000e\000a\000s\000u\000r\000i\000n\000g\000\040\000t\000h\000e\000\040\000c\000h\000a\000r\000a\000c\000t\000e\000r\000i\000s\000t\000i\000c\000\040\000t\000i\000m\000e\000s}{section.3}% 11
\BOOKMARK [2][-]{subsection.3.4}{\376\377\000A\000p\000p\000a\000r\000a\000t\000u\000s}{section.3}% 12
\BOOKMARK [3][-]{subsubsection.3.4.1}{\376\377\000R\000e\000c\000e\000i\000v\000e\000r\000\040\000M\000o\000d\000u\000l\000e}{subsection.3.4}% 13
\BOOKMARK [3][-]{subsubsection.3.4.2}{\376\377\000S\000y\000n\000t\000h\000e\000s\000i\000s\000e\000r}{subsection.3.4}% 14
\BOOKMARK [3][-]{subsubsection.3.4.3}{\376\377\000T\000h\000e\000\040\000P\000e\000r\000m\000a\000n\000e\000n\000t\000\040\000M\000a\000g\000n\000e\000t\000\040\000a\000n\000d\000\040\000L\000C\000\040\000C\000i\000r\000c\000u\000i\000t}{subsection.3.4}% 15
\BOOKMARK [2][-]{subsection.3.5}{\376\377\000U\000n\000c\000e\000r\000t\000a\000i\000n\000t\000y\000\040\000A\000n\000a\000l\000y\000s\000i\000s}{section.3}% 16
\BOOKMARK [1][-]{section.4}{\376\377\000E\000x\000p\000e\000r\000i\000m\000e\000n\000t\000a\000l\000\040\000R\000e\000s\000u\000l\000t\000s}{}% 17
\BOOKMARK [1][-]{section.5}{\376\377\000D\000i\000s\000c\000u\000s\000s\000i\000o\000n}{}% 18
\BOOKMARK [1][-]{section.6}{\376\377\000A\000p\000p\000e\000n\000d\000i\000x}{}% 19
\BOOKMARK [2][-]{subsection.6.1}{\376\377\000P\000r\000e\000-\000l\000a\000b\000\040\000q\000u\000e\000s\000t\000i\000o\000n\000s}{section.6}% 20
\BOOKMARK [3][-]{subsubsection.6.1.1}{\376\377\000Q\000u\000e\000s\000t\000i\000o\000n\000\040\0001}{subsection.6.1}% 21
\BOOKMARK [3][-]{subsubsection.6.1.2}{\376\377\000Q\000u\000e\000s\000t\000i\000o\000n\000\040\0002}{subsection.6.1}% 22
\BOOKMARK [3][-]{subsubsection.6.1.3}{\376\377\000Q\000u\000e\000s\000t\000i\000o\000n\000\040\0003}{subsection.6.1}% 23
\BOOKMARK [3][-]{subsubsection.6.1.4}{\376\377\000Q\000u\000e\000s\000t\000i\000o\000n\000\040\0004}{subsection.6.1}% 24
